// Jest Snapshot v1, https://goo.gl/fbAQLP

exports[`components Login component should render self and subcomponents 1`] = `
<Provider
  store={
    Object {
      "clearActions": [Function],
      "dispatch": [Function],
      "getActions": [Function],
      "getState": [Function],
      "replaceReducer": [Function],
      "subscribe": [Function],
    }
  }
>
  <BrowserRouter>
    <Router
      history={
        Object {
          "action": "POP",
          "block": [Function],
          "createHref": [Function],
          "go": [Function],
          "goBack": [Function],
          "goForward": [Function],
          "length": 1,
          "listen": [Function],
          "location": Object {
            "hash": "",
            "pathname": "/",
            "search": "",
            "state": undefined,
          },
          "push": [Function],
          "replace": [Function],
        }
      }
    >
      <Connect(Login)>
        <Login
          auth={
            Object {
              "email": "",
              "password": "",
            }
          }
          loginUser={[Function]}
          userCarts={[Function]}
        >
          <div
            className="container madata"
          >
            <Connect(WarningModal)>
              <WarningModal
                auth={
                  Object {
                    "email": "",
                    "password": "",
                  }
                }
                userRefresh={[Function]}
              >
                <div>
                  <Modal
                    autoFocus={true}
                    backdrop={true}
                    backdropTransition={
                      Object {
                        "mountOnEnter": true,
                        "timeout": 150,
                      }
                    }
                    centered={false}
                    fade={true}
                    isOpen={false}
                    keyboard={true}
                    modalTransition={
                      Object {
                        "timeout": 300,
                      }
                    }
                    onClosed={[Function]}
                    onOpened={[Function]}
                    role="dialog"
                    toggle={[Function]}
                    zIndex={1050}
                  />
                </div>
              </WarningModal>
            </Connect(WarningModal)>
            <div
              className="d-flex justify-content-center h-100 "
            >
              <div
                className="cardd"
              >
                <div
                  className="card-header"
                >
                  <h3>
                    Sign In
                  </h3>
                </div>
                <div
                  className="card-body"
                >
                  <form>
                    <div
                      className="input-group form-group"
                    >
                      <div
                        className="input-group-prepend"
                      >
                        <span
                          className="input-group-text"
                        >
                          <i
                            className="fas fa-user"
                          />
                        </span>
                      </div>
                      <input
                        className="form-control"
                        name="email"
                        onChange={[Function]}
                        placeholder="email"
                        type="text"
                      />
                    </div>
                    <div
                      className="input-group form-group"
                    >
                      <div
                        className="input-group-prepend"
                      >
                        <span
                          className="input-group-text"
                        >
                          <i
                            className="fas fa-key"
                          />
                        </span>
                      </div>
                      <input
                        className="form-control"
                        name="password"
                        onChange={[Function]}
                        placeholder="password"
                        type="password"
                      />
                    </div>
                    <div
                      className="row align-items-center remember"
                    >
                      <input
                        type="checkbox"
                      />
                      Remember Me
                    </div>
                    <div
                      className="form-group"
                    >
                      <input
                        className="btn float-right login_btn"
                        onClick={[Function]}
                        type="submit"
                        value="Login"
                      />
                    </div>
                  </form>
                </div>
                <div
                  className="card-footer"
                >
                  <div
                    className="d-flex justify-content-center links"
                  >
                    Don't have an account?
                    <Link
                      replace={false}
                      to="/signup"
                    >
                      <a
                        href="/signup"
                        onClick={[Function]}
                      >
                        <font
                          color="blue"
                        >
                          SignUp
                        </font>
                      </a>
                    </Link>
                  </div>
                </div>
              </div>
            </div>
          </div>
        </Login>
      </Connect(Login)>
    </Router>
  </BrowserRouter>
</Provider>
`;
